--- Accuracy Metrics (2026-07-13T04:21:17.602Z) ---
threshold | precision | recall | f1    | far   | frr   | eer   | attr 
----------+-----------+--------+-------+-------+-------+-------+------
0.000     | 0.632     | 1.000  | 0.774 | 1.000 | 0.000 | 1.000 | 1.000
5.000     | 0.632     | 1.000  | 0.774 | 1.000 | 0.000 | 1.000 | 1.000
10.000    | 0.632     | 1.000  | 0.774 | 1.000 | 0.000 | 1.000 | 1.000
15.000    | 0.632     | 1.000  | 0.774 | 1.000 | 0.000 | 1.000 | 1.000
20.000    | 0.632     | 1.000  | 0.774 | 1.000 | 0.000 | 1.000 | 1.000
25.000    | 0.632     | 1.000  | 0.774 | 1.000 | 0.000 | 1.000 | 1.000
30.000    | 0.632     | 1.000  | 0.775 | 0.997 | 0.000 | 0.997 | 1.000
35.000    | 0.635     | 1.000  | 0.777 | 0.986 | 0.000 | 0.986 | 1.000
40.000    | 0.640     | 1.000  | 0.781 | 0.963 | 0.000 | 0.963 | 1.000
45.000    | 0.647     | 1.000  | 0.785 | 0.937 | 0.000 | 0.937 | 1.000
50.000    | 0.660     | 1.000  | 0.795 | 0.883 | 0.000 | 0.883 | 1.000
55.000    | 0.673     | 1.000  | 0.804 | 0.834 | 0.000 | 0.834 | 1.000
60.000    | 0.691     | 1.000  | 0.817 | 0.766 | 0.000 | 0.766 | 0.996
65.000    | 0.714     | 0.992  | 0.830 | 0.680 | 0.008 | 0.672 | 0.928
70.000    | 0.895     | 0.985  | 0.938 | 0.197 | 0.015 | 0.182 | 0.264
75.000    | 0.928     | 0.960  | 0.943 | 0.129 | 0.040 | 0.089 | 0.180
80.000    | 0.958     | 0.912  | 0.934 | 0.069 | 0.088 | 0.020 | 0.096
85.000    | 1.000     | 0.868  | 0.930 | 0.000 | 0.132 | 0.132 | 0.000
90.000    | 1.000     | 0.778  | 0.875 | 0.000 | 0.222 | 0.222 | 0.000
95.000    | 1.000     | 0.623  | 0.768 | 0.000 | 0.377 | 0.377 | 0.000
100.000   | 1.000     | 0.175  | 0.298 | 0.000 | 0.825 | 0.825 | 0.000

Best threshold: 75 | F1: 0.943 | EER: 0.089

--- Scenario Summary ---
scenario                                    | sameDevice       | count  | avgScore | minScore | maxScore
--------------------------------------------+------------------+--------+----------+----------+---------
environment-change:mobile-desktop           | different-device | 50.000 | 44.440   | 29.000   | 58.000  
browser-drift:cross-browser                 | different-device | 50.000 | 58.000   | 45.000   | 74.000  
commodity-collision:corporate-fleet         | different-device | 50.000 | 66.480   | 62.000   | 72.000  
privacy-resistance:resistant-browser        | different-device | 50.000 | 67.000   | 67.000   | 67.000  
commodity-collision:public-terminal         | different-device | 50.000 | 67.000   | 67.000   | 67.000  
commodity-collision:iphone-defaults         | different-device | 50.000 | 67.520   | 59.000   | 76.000  
antifingerprint:metadock-max                | same-device      | 50.000 | 73.960   | 61.000   | 83.000  
privacy-resistance:tor                      | different-device | 50.000 | 77.300   | 68.000   | 80.000  
privacy-resistance:canvas-defender          | same-device      | 50.000 | 89.920   | 75.000   | 99.000  
adversarial-perturbation:font-randomization | same-device      | 50.000 | 91.040   | 75.000   | 98.000  
adversarial-perturbation:canvas-noise       | same-device      | 50.000 | 91.780   | 76.000   | 99.000  
browser-drift:major                         | same-device      | 50.000 | 94.360   | 80.000   | 99.000  
travel-network-change:timezone-travel       | same-device      | 50.000 | 95.260   | 81.000   | 99.000  
adversarial-perturbation:ua-rotation        | same-device      | 50.000 | 95.960   | 82.000   | 99.000  
antifingerprint:metadock-balanced           | same-device      | 50.000 | 96.360   | 82.000   | 99.000  
browser-drift:minor                         | same-device      | 50.000 | 97.280   | 86.000   | 99.000  
environment-change:external-dock            | same-device      | 50.000 | 97.380   | 83.000   | 100.000 
environment-change:home-office              | same-device      | 50.000 | 100.000  | 100.000  | 100.000 
travel-network-change:vpn-activation        | same-device      | 50.000 | 100.000  | 100.000  | 100.000 
