--- Scenario Benchmark Metrics (2026-07-13T04:18:25.790Z) ---
Scenario                                    | Expected         | Score  | DeviceSimilarity | FieldAgreement | AttractorRisk | MissingOneSide
--------------------------------------------+------------------+--------+------------------+----------------+---------------+---------------
browser-drift:minor                         | same-device      | 99.00  | 98.00            | 100.00         | 33.00         | 0.00          
browser-drift:major                         | same-device      | 98.00  | 86.00            | 88.00          | 33.00         | 0.00          
browser-drift:cross-browser                 | different-device | 54.00  | 44.00            | 50.00          | 33.00         | 12.00         
environment-change:home-office              | same-device      | 100.00 | 100.00           | 100.00         | 33.00         | 0.00          
environment-change:external-dock            | same-device      | 99.00  | 98.00            | 96.00          | 50.00         | 0.00          
environment-change:mobile-desktop           | different-device | 47.00  | 48.00            | 39.00          | 50.00         | 8.00          
privacy-resistance:tor                      | different-device | 80.00  | 88.00            | 95.00          | 67.00         | 0.00          
privacy-resistance:resistant-browser        | different-device | 67.00  | 91.00            | 100.00         | 83.00         | 0.00          
privacy-resistance:canvas-defender          | same-device      | 96.00  | 84.00            | 92.00          | 17.00         | 0.00          
adversarial-perturbation:canvas-noise       | same-device      | 87.00  | 75.00            | 91.00          | 33.00         | 0.00          
adversarial-perturbation:font-randomization | same-device      | 91.00  | 84.00            | 96.00          | 50.00         | 8.00          
adversarial-perturbation:ua-rotation        | same-device      | 95.00  | 81.00            | 91.00          | 25.00         | 4.00          
travel-network-change:timezone-travel       | same-device      | 99.00  | 97.00            | 96.00          | 50.00         | 0.00          
travel-network-change:vpn-activation        | same-device      | 100.00 | 94.00            | 100.00         | 50.00         | 0.00          
commodity-collision:corporate-fleet         | different-device | 70.00  | 89.00            | 92.00          | 83.00         | 0.00          
commodity-collision:iphone-defaults         | different-device | 69.00  | 74.00            | 67.00          | 67.00         | 4.00          
commodity-collision:public-terminal         | different-device | 67.00  | 91.00            | 100.00         | 83.00         | 0.00          
antifingerprint:metadock-balanced           | same-device      | 92.00  | 89.00            | 96.00          | 50.00         | 0.00          
antifingerprint:metadock-max                | same-device      | 79.00  | 68.00            | 73.00          | 33.00         | 0.00          
